node.exe : npm warn using --force Recommended protections disabled.
At C:\Users\Hassa\AppData\Roaming\npm\npm.ps1:24 char:5
+     & "node$exe"  "$basedir/node_modules/npm/bin/npm-cli.js" $args
+     ~~~~~~~~~~~~~~~~~~~~~~~~~~~~~~~~~~~~~~~~~~~~~~~~~~~~~~~~~~~~~~
    + CategoryInfo          : NotSpecified: (npm warn using ...tions disabled.:Strin 
   g) [], RemoteException
    + FullyQualifiedErrorId : NativeCommandError
 

> backend@0.0.1 test
> jest src/finance/finance.service.spec.ts

  console.warn
    [approvals-debug] {
      spendingId: new ObjectId('699bfc6792cdd8e101042bba'),
      eligibleInvestorIds: [ '699bfc6792cdd8e101042bb2', '699bfc6792cdd8e101042bb0' ],
      approvalKeys: [ '699bfc6792cdd8e101042bb0' ],
      approvedBy: [],
      waitingFor: [
        { id: '699bfc6792cdd8e101042bb2', name: null },
        { id: '699bfc6792cdd8e101042bb0', name: 'Unknown' }
      ],
      sampleApproval: {
        status: 'rejected',
        user: '699bfc6792cdd8e101042bb0',
        userName: 'Unknown',
        date: 2026-02-23T07:06:15.945Z
      }
    }

    [0m [90m 339 |[39m     [36mif[39m ([33m![39mmismatch) [36mreturn[39m[33m;[39m
     [90m 340 |[39m
    [31m[1m>[22m[39m[90m 341 |[39m     console[33m.[39mwarn([32m'[approvals-debug]'[39m[33m,[39m {
     [90m     |[39m             [31m[1m^[22m[39m
     [90m 342 |[39m       spendingId[33m:[39m spending[33m?[39m[33m.[39m_id [33m||[39m spending[33m?[39m[33m.[39mid[33m,[39m
     [90m 343 |[39m       eligibleInvestorIds[33m,[39m
     [90m 344 |[39m       approvalKeys[33m:[39m [33mObject[39m[33m.[39mkeys(enrichedApprovals)[33m,[39m[0m

      at FinanceService.logApprovalMismatchIfNeeded (finance/finance.service.ts:341:13)
      at FinanceService.enrichSpendingForResponse (finance/finance.service.ts:421:10)
      at FinanceService.buildSpendingResponse (finance/finance.service.ts:560:17)

PASS src/finance/finance.service.spec.ts
  FinanceService
    ΓêÜ should be defined (15 ms)
    Utility Helpers
      ΓêÜ getId resolves strings, objects, and objectids (5 ms)
      ΓêÜ isPrivilegedRole identifies admin roles (4 ms)
      ΓêÜ parseStatusFilter handles varied inputs (7 ms)
    addSpending
      ΓêÜ throws NotFoundException if project not found (6 ms)
      ΓêÜ successfully creates spending and notifies investors (8 ms)
      ΓêÜ enforces positive spending amount (3 ms)
      ΓêÜ throws error if spending exceeds project capacity (4 ms)
    voteSpending
      ΓêÜ throws BadRequestException if already finalized (5 ms)
      ΓêÜ records an approval vote and finalizes if threshold reached (3 ms)
      ΓêÜ records a rejection and finalizes immediately (58 ms)
      ΓêÜ throws ForbiddenException if user is not an active investor (3 ms)
    findAll
      ΓêÜ returns all spendings for a project with enrichment (4 ms)
      ΓêÜ filters spendings by status (2 ms)
    Additional Methods
      ΓêÜ getMyExpenses returns user expenses across projects (2 ms)
      ΓêÜ exportExpenses generates a response (3 ms)

Test Suites: 1 passed, 1 total
Tests:       16 passed, 16 total
Snapshots:   0 total
Time:        2.027 s
Ran all test suites matching src/finance/finance.service.spec.ts.
