src/projects/projects.service.ts(1555,8): error TS2339: Property 'populate' does not exist on type 'Promise<Omit<Document<unknown, {}, ProjectDocument, {}, DefaultSchemaOptions> & Project & Document<ObjectId, any, any, Record<...>, {}> & Required<...> & { ...; } & { ...; }, never>>'.
